// Jest Snapshot v1, https://goo.gl/fbAQLP

exports[`components/GetAndroidApp should match snapshot 1`] = `
<div
  className="get-app get-android-app"
>
  <img
    className="get-app__logo"
    src="mockup.png"
  />
  <a
    className="btn btn-primary get-android-app__open-mattermost"
    href="https://about.mattermost.com/mattermost-android-app"
  >
    <FormattedMessage
      defaultMessage="Download uChat for Android"
      id="get_app.openMattermost"
      values={Object {}}
    />
  </a>
  <span
    className="get-app__continue-with-browser"
  >
    <FormattedMessage
      defaultMessage="Or {link}"
      id="get_app.continueWithBrowser"
      values={
        Object {
          "link": <a
            className="get-android-app__continue"
            onClick={[Function]}
          >
            <FormattedMessage
              defaultMessage="continue with browser"
              id="get_app.continueWithBrowserLink"
              values={Object {}}
            />
          </a>,
        }
      }
    />
  </span>
</div>
`;
